GAS LISTING /tmp/ccXSyeq9.s 			page 1


   1              		.file	"traps.cpp"
   2              		.option pic
   3              		.option norelax
   4              		.text
   5              	.Ltext0:
   6              		.align	2
   7              		.globl	supervisorTrapHandler
   9              	supervisorTrapHandler:
  10              	.LFB21:
  11              		.file 1 "src/traps.cpp"
   1:src/traps.cpp **** //
   2:src/traps.cpp **** // Created by os on 6/16/26.
   3:src/traps.cpp **** //
   4:src/traps.cpp **** 
   5:src/traps.cpp **** #include "../h/MemoryAllocator.hpp"
   6:src/traps.cpp **** #include "../lib/hw.h"
   7:src/traps.cpp **** #include "../h/riscv.hpp"
   8:src/traps.cpp **** #include "../h/syscall_c.h"
   9:src/traps.cpp **** 
  10:src/traps.cpp **** extern "C" void supervisorTrapHandler(uint64* regs)
  11:src/traps.cpp **** {
  12              		.loc 1 11 1
  13              		.cfi_startproc
  14              	.LVL0:
  15 0000 130101FC 		addi	sp,sp,-64
  16              		.cfi_def_cfa_offset 64
  17 0004 233C1102 		sd	ra,56(sp)
  18 0008 23388102 		sd	s0,48(sp)
  19 000c 23349102 		sd	s1,40(sp)
  20 0010 23302103 		sd	s2,32(sp)
  21 0014 233C3101 		sd	s3,24(sp)
  22              		.cfi_offset 1, -8
  23              		.cfi_offset 8, -16
  24              		.cfi_offset 9, -24
  25              		.cfi_offset 18, -32
  26              		.cfi_offset 19, -40
  27 0018 13040104 		addi	s0,sp,64
  28              		.cfi_def_cfa 8, 0
  12:src/traps.cpp ****     uint64 scause = Riscv::r_scause();
  29              		.loc 1 12 5
  30              	.LBB10:
  31              	.LBB11:
  32              		.file 2 "src/../h/riscv.hpp"
   1:src/../h/riscv.hpp **** //
   2:src/../h/riscv.hpp **** // Created by os on 6/16/26.
   3:src/../h/riscv.hpp **** //
   4:src/../h/riscv.hpp **** 
   5:src/../h/riscv.hpp **** #ifndef PROJEKAT_RISCV_HPP
   6:src/../h/riscv.hpp **** #define PROJEKAT_RISCV_HPP
   7:src/../h/riscv.hpp **** 
   8:src/../h/riscv.hpp **** #include "../lib/hw.h"
   9:src/../h/riscv.hpp **** 
  10:src/../h/riscv.hpp **** class Riscv
  11:src/../h/riscv.hpp **** {
  12:src/../h/riscv.hpp **** public:
  13:src/../h/riscv.hpp **** 
  14:src/../h/riscv.hpp ****     // pop sstatus.spp and sstatus.spie bits (has to be a non inline function)
GAS LISTING /tmp/ccXSyeq9.s 			page 2


  15:src/../h/riscv.hpp ****     static void popSppSpie();
  16:src/../h/riscv.hpp **** 
  17:src/../h/riscv.hpp ****     // read register scause
  18:src/../h/riscv.hpp ****     static uint64 r_scause();
  19:src/../h/riscv.hpp **** 
  20:src/../h/riscv.hpp ****     // write register scause
  21:src/../h/riscv.hpp ****     static void w_scause(uint64 scause);
  22:src/../h/riscv.hpp **** 
  23:src/../h/riscv.hpp ****     // read register sepc
  24:src/../h/riscv.hpp ****     static uint64 r_sepc();
  25:src/../h/riscv.hpp **** 
  26:src/../h/riscv.hpp ****     // write register sepc
  27:src/../h/riscv.hpp ****     static void w_sepc(uint64 sepc);
  28:src/../h/riscv.hpp **** 
  29:src/../h/riscv.hpp ****     // read register stvec
  30:src/../h/riscv.hpp ****     static uint64 r_stvec();
  31:src/../h/riscv.hpp **** 
  32:src/../h/riscv.hpp ****     // write register stvec
  33:src/../h/riscv.hpp ****     static void w_stvec(uint64 stvec);
  34:src/../h/riscv.hpp **** 
  35:src/../h/riscv.hpp ****     // read register stval
  36:src/../h/riscv.hpp ****     static uint64 r_stval();
  37:src/../h/riscv.hpp **** 
  38:src/../h/riscv.hpp ****     // write register stval
  39:src/../h/riscv.hpp ****     static void w_stval(uint64 stval);
  40:src/../h/riscv.hpp **** 
  41:src/../h/riscv.hpp ****     enum BitMaskSip
  42:src/../h/riscv.hpp ****     {
  43:src/../h/riscv.hpp ****         SIP_SSIP = (1 << 1),
  44:src/../h/riscv.hpp ****         SIP_STIP = (1 << 5),
  45:src/../h/riscv.hpp ****         SIP_SEIP = (1 << 9),
  46:src/../h/riscv.hpp ****     };
  47:src/../h/riscv.hpp **** 
  48:src/../h/riscv.hpp ****     // mask set register sip
  49:src/../h/riscv.hpp ****     static void ms_sip(uint64 mask);
  50:src/../h/riscv.hpp **** 
  51:src/../h/riscv.hpp ****     // mask clear register sip
  52:src/../h/riscv.hpp ****     static void mc_sip(uint64 mask);
  53:src/../h/riscv.hpp **** 
  54:src/../h/riscv.hpp ****     // read register sip
  55:src/../h/riscv.hpp ****     static uint64 r_sip();
  56:src/../h/riscv.hpp **** 
  57:src/../h/riscv.hpp ****     // write register sip
  58:src/../h/riscv.hpp ****     static void w_sip(uint64 sip);
  59:src/../h/riscv.hpp **** 
  60:src/../h/riscv.hpp ****     enum BitMaskSstatus
  61:src/../h/riscv.hpp ****     {
  62:src/../h/riscv.hpp ****         SSTATUS_SIE = (1 << 1),
  63:src/../h/riscv.hpp ****         SSTATUS_SPIE = (1 << 5),
  64:src/../h/riscv.hpp ****         SSTATUS_SPP = (1 << 8),
  65:src/../h/riscv.hpp ****     };
  66:src/../h/riscv.hpp **** 
  67:src/../h/riscv.hpp ****     // mask set register sstatus
  68:src/../h/riscv.hpp ****     static void ms_sstatus(uint64 mask);
  69:src/../h/riscv.hpp **** 
  70:src/../h/riscv.hpp ****     // mask clear register sstatus
  71:src/../h/riscv.hpp ****     static void mc_sstatus(uint64 mask);
GAS LISTING /tmp/ccXSyeq9.s 			page 3


  72:src/../h/riscv.hpp **** 
  73:src/../h/riscv.hpp ****     // read register sstatus
  74:src/../h/riscv.hpp ****     static uint64 r_sstatus();
  75:src/../h/riscv.hpp **** 
  76:src/../h/riscv.hpp ****     // write register sstatus
  77:src/../h/riscv.hpp ****     static void w_sstatus(uint64 sstatus);
  78:src/../h/riscv.hpp **** 
  79:src/../h/riscv.hpp ****     // read user register
  80:src/../h/riscv.hpp ****     template <typename T>
  81:src/../h/riscv.hpp ****     static T r_user_reg(uint64 reg);
  82:src/../h/riscv.hpp **** 
  83:src/../h/riscv.hpp ****     // write user register
  84:src/../h/riscv.hpp ****     template <typename T>
  85:src/../h/riscv.hpp ****     static void w_user_reg(uint64 reg, T val);
  86:src/../h/riscv.hpp **** 
  87:src/../h/riscv.hpp ****     void init_traps();
  88:src/../h/riscv.hpp **** };
  89:src/../h/riscv.hpp **** 
  90:src/../h/riscv.hpp **** inline uint64 Riscv::r_scause()
  91:src/../h/riscv.hpp **** {
  92:src/../h/riscv.hpp ****     uint64 volatile scause;
  33              		.loc 2 92 5
  93:src/../h/riscv.hpp ****     __asm__ volatile ("csrr %[scause], scause" : [scause] "=r"(scause));
  34              		.loc 2 93 5
  35              		.loc 2 93 72 is_stmt 0
  36              	#APP
  37              	# 93 "src/../h/riscv.hpp" 1
  94              	    return scause;
  38              		csrr a5, scause
  39              	# 0 "" 2
  40              	#NO_APP
  41 0020 2330F4FC 		sd	a5,-64(s0)
  42              		.loc 2 94 5 is_stmt 1
  43              		.loc 2 94 12 is_stmt 0
  44 0024 833704FC 		ld	a5,-64(s0)
  45              	.LVL1:
  46              	.LBE11:
  47              	.LBE10:
  13:src/traps.cpp **** 
  14:src/traps.cpp ****     if (scause == 0x08 || scause == 0x09)
  48              		.loc 1 14 5 is_stmt 1
  49              	.LBB12:
  50              		.loc 1 14 24 is_stmt 0
  51 0028 938787FF 		addi	a5,a5,-8
  52              	.LVL2:
  53              		.loc 1 14 5
  54 002c 13071000 		li	a4,1
  55 0030 6370F702 		bleu	a5,a4,.L7
  56              	.LVL3:
  57              	.L1:
  58              	.LBE12:
  15:src/traps.cpp ****     {
  16:src/traps.cpp ****         uint64 current_sepc = Riscv::r_sepc();
  17:src/traps.cpp **** 
  18:src/traps.cpp ****         // Čitamo direktno sa pozicije na steku gde ih je asembler sačuvao!
  19:src/traps.cpp ****         // U RISC-V, x10 je A0 (syscall_id), a x11 je A1 (arg1)
  20:src/traps.cpp ****         uint64 syscall_id = regs[10];
GAS LISTING /tmp/ccXSyeq9.s 			page 4


  21:src/traps.cpp ****         uint64 arg1       = regs[11];
  22:src/traps.cpp **** 
  23:src/traps.cpp ****         uint64 ret = 0;
  24:src/traps.cpp ****         switch(syscall_id)
  25:src/traps.cpp ****         {
  26:src/traps.cpp ****         case MEM_ALLOC:
  27:src/traps.cpp ****             ret = (uint64)MemoryAllocator::getInstance().alloc(arg1);
  28:src/traps.cpp ****             break;
  29:src/traps.cpp ****         case MEM_FREE:
  30:src/traps.cpp ****             ret = (uint64)MemoryAllocator::getInstance().free((void*)arg1);
  31:src/traps.cpp ****             break;
  32:src/traps.cpp ****         }
  33:src/traps.cpp **** 
  34:src/traps.cpp ****         // Vraćamo povratnu vrednost u registar A0 na steku
  35:src/traps.cpp ****         regs[10] = ret;
  36:src/traps.cpp **** 
  37:src/traps.cpp ****         // Pomeramo se za jednu instrukciju dalje da ne uđemo u beskonačnu ecall petlju
  38:src/traps.cpp ****         Riscv::w_sepc(current_sepc + 4);
  39:src/traps.cpp ****     }
  40:src/traps.cpp **** }...
  59              		.loc 1 40 1
  60 0034 83308103 		ld	ra,56(sp)
  61              		.cfi_remember_state
  62              		.cfi_restore 1
  63 0038 03340103 		ld	s0,48(sp)
  64              		.cfi_restore 8
  65              		.cfi_def_cfa 2, 64
  66 003c 83348102 		ld	s1,40(sp)
  67              		.cfi_restore 9
  68 0040 03390102 		ld	s2,32(sp)
  69              		.cfi_restore 18
  70 0044 83398101 		ld	s3,24(sp)
  71              		.cfi_restore 19
  72 0048 13010104 		addi	sp,sp,64
  73              		.cfi_def_cfa_offset 0
  74 004c 67800000 		jr	ra
  75              	.LVL4:
  76              	.L7:
  77              		.cfi_restore_state
  78 0050 93040500 		mv	s1,a0
  79              	.LBB19:
  80              	.LBB13:
  16:src/traps.cpp ****         uint64 current_sepc = Riscv::r_sepc();
  81              		.loc 1 16 9 is_stmt 1
  82              	.LBB14:
  83              	.LBB15:
  95:src/../h/riscv.hpp **** }
  96:src/../h/riscv.hpp **** 
  97:src/../h/riscv.hpp **** inline void Riscv::w_scause(uint64 scause)
  98:src/../h/riscv.hpp **** {
  99:src/../h/riscv.hpp ****     __asm__ volatile ("csrw scause, %[scause]" : : [scause] "r"(scause));
 100:src/../h/riscv.hpp **** }
 101:src/../h/riscv.hpp **** 
 102:src/../h/riscv.hpp **** inline uint64 Riscv::r_sepc()
 103:src/../h/riscv.hpp **** {
 104:src/../h/riscv.hpp ****     uint64 volatile sepc;
  84              		.loc 2 104 5
GAS LISTING /tmp/ccXSyeq9.s 			page 5


 105:src/../h/riscv.hpp ****     __asm__ volatile ("csrr %[sepc], sepc" : [sepc] "=r"(sepc));
  85              		.loc 2 105 5
  86              		.loc 2 105 64 is_stmt 0
  87              	#APP
  88              	# 105 "src/../h/riscv.hpp" 1
 106              	    return sepc;
  89              		csrr a5, sepc
  90              	# 0 "" 2
  91              	.LVL5:
  92              	#NO_APP
  93 0058 2334F4FC 		sd	a5,-56(s0)
  94              		.loc 2 106 5 is_stmt 1
  95              		.loc 2 106 12 is_stmt 0
  96 005c 033984FC 		ld	s2,-56(s0)
  97              	.LVL6:
  98              	.LBE15:
  99              	.LBE14:
  20:src/traps.cpp ****         uint64 syscall_id = regs[10];
 100              		.loc 1 20 9 is_stmt 1
  20:src/traps.cpp ****         uint64 syscall_id = regs[10];
 101              		.loc 1 20 16 is_stmt 0
 102 0060 83370505 		ld	a5,80(a0)
 103              	.LVL7:
  21:src/traps.cpp ****         uint64 arg1       = regs[11];
 104              		.loc 1 21 9 is_stmt 1
  21:src/traps.cpp ****         uint64 arg1       = regs[11];
 105              		.loc 1 21 16 is_stmt 0
 106 0064 83398505 		ld	s3,88(a0)
 107              	.LVL8:
  23:src/traps.cpp ****         uint64 ret = 0;
 108              		.loc 1 23 9 is_stmt 1
  24:src/traps.cpp ****         switch(syscall_id)
 109              		.loc 1 24 9
 110 0068 6380E702 		beq	a5,a4,.L3
 111              	.LVL9:
 112 006c 13072000 		li	a4,2
 113 0070 6388E702 		beq	a5,a4,.L4
 114 0074 13050000 		li	a0,0
 115              	.LVL10:
 116              	.L5:
  35:src/traps.cpp ****         regs[10] = ret;
 117              		.loc 1 35 9
  35:src/traps.cpp ****         regs[10] = ret;
 118              		.loc 1 35 18 is_stmt 0
 119 0078 23B8A404 		sd	a0,80(s1)
  38:src/traps.cpp ****         Riscv::w_sepc(current_sepc + 4);
 120              		.loc 1 38 9 is_stmt 1
  38:src/traps.cpp ****         Riscv::w_sepc(current_sepc + 4);
 121              		.loc 1 38 22 is_stmt 0
 122 007c 13094900 		addi	s2,s2,4
 123              	.LVL11:
 124              	.LBB16:
 125              	.LBB17:
 107:src/../h/riscv.hpp **** }
 108:src/../h/riscv.hpp **** 
 109:src/../h/riscv.hpp **** inline void Riscv::w_sepc(uint64 sepc)
 110:src/../h/riscv.hpp **** {
GAS LISTING /tmp/ccXSyeq9.s 			page 6


 111:src/../h/riscv.hpp ****     __asm__ volatile ("csrw sepc, %[sepc]" : : [sepc] "r"(sepc));
 126              		.loc 2 111 5 is_stmt 1
 127              		.loc 2 111 65 is_stmt 0
 128              	#APP
 129              	# 111 "src/../h/riscv.hpp" 1
 112              	}
 130              		csrw sepc, s2
 131              	# 0 "" 2
 132              	.LVL12:
 133              	#NO_APP
 134              	.LBE17:
 135              	.LBE16:
 136              	.LBE13:
 137              	.LBE19:
 138              		.loc 1 40 1
 139 0084 6FF01FFB 		j	.L1
 140              	.LVL13:
 141              	.L3:
 142              	.LBB20:
 143              	.LBB18:
  26:src/traps.cpp ****         case MEM_ALLOC:
 144              		.loc 1 26 9 is_stmt 1
  27:src/traps.cpp ****             ret = (uint64)MemoryAllocator::getInstance().alloc(arg1);
 145              		.loc 1 27 13
  27:src/traps.cpp ****             ret = (uint64)MemoryAllocator::getInstance().alloc(arg1);
 146              		.loc 1 27 56 is_stmt 0
 147 0088 97000000 		call	_ZN15MemoryAllocator11getInstanceEv@plt
 147      E7800000 
 148              	.LVL14:
  27:src/traps.cpp ****             ret = (uint64)MemoryAllocator::getInstance().alloc(arg1);
 149              		.loc 1 27 63
 150 0090 93850900 		mv	a1,s3
 151 0094 97000000 		call	_ZN15MemoryAllocator5allocEm@plt
 151      E7800000 
 152              	.LVL15:
  28:src/traps.cpp ****             break;
 153              		.loc 1 28 13 is_stmt 1
 154 009c 6FF0DFFD 		j	.L5
 155              	.LVL16:
 156              	.L4:
  29:src/traps.cpp ****         case MEM_FREE:
 157              		.loc 1 29 9
  30:src/traps.cpp ****             ret = (uint64)MemoryAllocator::getInstance().free((void*)arg1);
 158              		.loc 1 30 13
  30:src/traps.cpp ****             ret = (uint64)MemoryAllocator::getInstance().free((void*)arg1);
 159              		.loc 1 30 56 is_stmt 0
 160 00a0 97000000 		call	_ZN15MemoryAllocator11getInstanceEv@plt
 160      E7800000 
 161              	.LVL17:
  30:src/traps.cpp ****             ret = (uint64)MemoryAllocator::getInstance().free((void*)arg1);
 162              		.loc 1 30 62
 163 00a8 93850900 		mv	a1,s3
 164 00ac 97000000 		call	_ZN15MemoryAllocator4freeEPv@plt
 164      E7800000 
 165              	.LVL18:
  31:src/traps.cpp ****             break;
 166              		.loc 1 31 13 is_stmt 1
GAS LISTING /tmp/ccXSyeq9.s 			page 7


 167 00b4 6FF05FFC 		j	.L5
 168              	.LBE18:
 169              	.LBE20:
 170              		.cfi_endproc
 171              	.LFE21:
 173              	.Letext0:
 174              		.file 3 "src/../h/../lib/hw.h"
 175              		.file 4 "src/../h/MemoryAllocator.hpp"
 176              		.file 5 "src/../h/syscall_c.h"
GAS LISTING /tmp/ccXSyeq9.s 			page 8


DEFINED SYMBOLS
                            *ABS*:0000000000000000 traps.cpp
     /tmp/ccXSyeq9.s:9      .text:0000000000000000 supervisorTrapHandler
     /tmp/ccXSyeq9.s:13     .text:0000000000000000 .L0 
     /tmp/ccXSyeq9.s:15     .text:0000000000000000 .L0 
     /tmp/ccXSyeq9.s:16     .text:0000000000000004 .L0 
     /tmp/ccXSyeq9.s:22     .text:0000000000000018 .L0 
     /tmp/ccXSyeq9.s:23     .text:0000000000000018 .L0 
     /tmp/ccXSyeq9.s:24     .text:0000000000000018 .L0 
     /tmp/ccXSyeq9.s:25     .text:0000000000000018 .L0 
     /tmp/ccXSyeq9.s:26     .text:0000000000000018 .L0 
     /tmp/ccXSyeq9.s:28     .text:000000000000001c .L0 
     /tmp/ccXSyeq9.s:33     .text:000000000000001c .L0 
     /tmp/ccXSyeq9.s:34     .text:000000000000001c .L0 
     /tmp/ccXSyeq9.s:35     .text:000000000000001c .L0 
  src/../h/riscv.hpp:93     .text:000000000000001c .L0 
     /tmp/ccXSyeq9.s:43     .text:0000000000000024 .L0 
     /tmp/ccXSyeq9.s:44     .text:0000000000000024 .L0 
     /tmp/ccXSyeq9.s:50     .text:0000000000000028 .L0 
     /tmp/ccXSyeq9.s:51     .text:0000000000000028 .L0 
     /tmp/ccXSyeq9.s:54     .text:000000000000002c .L0 
     /tmp/ccXSyeq9.s:60     .text:0000000000000034 .L0 
     /tmp/ccXSyeq9.s:61     .text:0000000000000038 .L0 
     /tmp/ccXSyeq9.s:62     .text:0000000000000038 .L0 
     /tmp/ccXSyeq9.s:64     .text:000000000000003c .L0 
     /tmp/ccXSyeq9.s:65     .text:000000000000003c .L0 
     /tmp/ccXSyeq9.s:67     .text:0000000000000040 .L0 
     /tmp/ccXSyeq9.s:69     .text:0000000000000044 .L0 
     /tmp/ccXSyeq9.s:71     .text:0000000000000048 .L0 
     /tmp/ccXSyeq9.s:73     .text:000000000000004c .L0 
     /tmp/ccXSyeq9.s:77     .text:0000000000000050 .L0 
     /tmp/ccXSyeq9.s:84     .text:0000000000000054 .L0 
     /tmp/ccXSyeq9.s:85     .text:0000000000000054 .L0 
     /tmp/ccXSyeq9.s:86     .text:0000000000000054 .L0 
  src/../h/riscv.hpp:105    .text:0000000000000054 .L0 
     /tmp/ccXSyeq9.s:95     .text:000000000000005c .L0 
     /tmp/ccXSyeq9.s:96     .text:000000000000005c .L0 
     /tmp/ccXSyeq9.s:101    .text:0000000000000060 .L0 
     /tmp/ccXSyeq9.s:102    .text:0000000000000060 .L0 
     /tmp/ccXSyeq9.s:105    .text:0000000000000064 .L0 
     /tmp/ccXSyeq9.s:106    .text:0000000000000064 .L0 
     /tmp/ccXSyeq9.s:109    .text:0000000000000068 .L0 
     /tmp/ccXSyeq9.s:110    .text:0000000000000068 .L0 
     /tmp/ccXSyeq9.s:118    .text:0000000000000078 .L0 
     /tmp/ccXSyeq9.s:119    .text:0000000000000078 .L0 
     /tmp/ccXSyeq9.s:121    .text:000000000000007c .L0 
     /tmp/ccXSyeq9.s:122    .text:000000000000007c .L0 
     /tmp/ccXSyeq9.s:127    .text:0000000000000080 .L0 
  src/../h/riscv.hpp:111    .text:0000000000000080 .L0 
     /tmp/ccXSyeq9.s:139    .text:0000000000000084 .L0 
     /tmp/ccXSyeq9.s:145    .text:0000000000000088 .L0 
     /tmp/ccXSyeq9.s:146    .text:0000000000000088 .L0 
     /tmp/ccXSyeq9.s:147    .text:0000000000000088 .L0 
     /tmp/ccXSyeq9.s:150    .text:0000000000000090 .L0 
     /tmp/ccXSyeq9.s:154    .text:000000000000009c .L0 
     /tmp/ccXSyeq9.s:158    .text:00000000000000a0 .L0 
     /tmp/ccXSyeq9.s:159    .text:00000000000000a0 .L0 
GAS LISTING /tmp/ccXSyeq9.s 			page 9


     /tmp/ccXSyeq9.s:160    .text:00000000000000a0 .L0 
     /tmp/ccXSyeq9.s:163    .text:00000000000000a8 .L0 
     /tmp/ccXSyeq9.s:167    .text:00000000000000b4 .L0 
     /tmp/ccXSyeq9.s:170    .text:00000000000000b8 .L0 
     /tmp/ccXSyeq9.s:177    .text:00000000000000b8 .L0 
     /tmp/ccXSyeq9.s:76     .text:0000000000000050 .L7
     /tmp/ccXSyeq9.s:141    .text:0000000000000088 .L3
     /tmp/ccXSyeq9.s:156    .text:00000000000000a0 .L4
     /tmp/ccXSyeq9.s:57     .text:0000000000000034 .L1
     /tmp/ccXSyeq9.s:116    .text:0000000000000078 .L5
     /tmp/ccXSyeq9.s:846    .debug_abbrev:0000000000000000 .Ldebug_abbrev0
     /tmp/ccXSyeq9.s:1873   .debug_str:0000000000000478 .LASF77
     /tmp/ccXSyeq9.s:1799   .debug_str:0000000000000242 .LASF78
     /tmp/ccXSyeq9.s:1833   .debug_str:000000000000032b .LASF79
     /tmp/ccXSyeq9.s:5      .text:0000000000000000 .Ltext0
     /tmp/ccXSyeq9.s:173    .text:00000000000000b8 .Letext0
     /tmp/ccXSyeq9.s:1721   .debug_line:0000000000000000 .Ldebug_line0
     /tmp/ccXSyeq9.s:1817   .debug_str:00000000000002dd .LASF0
     /tmp/ccXSyeq9.s:1829   .debug_str:000000000000030d .LASF1
     /tmp/ccXSyeq9.s:1807   .debug_str:0000000000000287 .LASF2
     /tmp/ccXSyeq9.s:1797   .debug_str:000000000000023b .LASF4
     /tmp/ccXSyeq9.s:1855   .debug_str:000000000000040a .LASF3
     /tmp/ccXSyeq9.s:1739   .debug_str:000000000000008d .LASF5
     /tmp/ccXSyeq9.s:1835   .debug_str:0000000000000345 .LASF6
     /tmp/ccXSyeq9.s:1815   .debug_str:00000000000002ca .LASF7
     /tmp/ccXSyeq9.s:1881   .debug_str:0000000000000573 .LASF8
     /tmp/ccXSyeq9.s:1785   .debug_str:00000000000001dd .LASF9
     /tmp/ccXSyeq9.s:1837   .debug_str:0000000000000358 .LASF10
     /tmp/ccXSyeq9.s:1877   .debug_str:0000000000000548 .LASF11
     /tmp/ccXSyeq9.s:1741   .debug_str:0000000000000094 .LASF12
     /tmp/ccXSyeq9.s:1727   .debug_str:000000000000003c .LASF13
     /tmp/ccXSyeq9.s:1749   .debug_str:00000000000000cd .LASF14
     /tmp/ccXSyeq9.s:1851   .debug_str:00000000000003dc .LASF15
     /tmp/ccXSyeq9.s:1757   .debug_str:000000000000010c .LASF16
     /tmp/ccXSyeq9.s:1805   .debug_str:0000000000000277 .LASF17
     /tmp/ccXSyeq9.s:1863   .debug_str:0000000000000439 .LASF18
     /tmp/ccXSyeq9.s:1891   .debug_str:00000000000005bf .LASF19
     /tmp/ccXSyeq9.s:1867   .debug_str:000000000000045a .LASF20
     /tmp/ccXSyeq9.s:1875   .debug_str:000000000000053c .LASF33
     /tmp/ccXSyeq9.s:1737   .debug_str:0000000000000069 .LASF35
     /tmp/ccXSyeq9.s:1821   .debug_str:00000000000002f1 .LASF21
     /tmp/ccXSyeq9.s:1895   .debug_str:00000000000005c9 .LASF23
     /tmp/ccXSyeq9.s:1773   .debug_str:000000000000019f .LASF22
     /tmp/ccXSyeq9.s:1847   .debug_str:00000000000003b4 .LASF24
     /tmp/ccXSyeq9.s:1765   .debug_str:0000000000000153 .LASF28
     /tmp/ccXSyeq9.s:1879   .debug_str:0000000000000557 .LASF80
     /tmp/ccXSyeq9.s:1811   .debug_str:000000000000029f .LASF25
     /tmp/ccXSyeq9.s:1803   .debug_str:000000000000025b .LASF26
     /tmp/ccXSyeq9.s:1761   .debug_str:0000000000000136 .LASF81
     /tmp/ccXSyeq9.s:1859   .debug_str:0000000000000423 .LASF27
     /tmp/ccXSyeq9.s:1725   .debug_str:0000000000000008 .LASF29
     /tmp/ccXSyeq9.s:1831   .debug_str:0000000000000320 .LASF30
     /tmp/ccXSyeq9.s:1839   .debug_str:0000000000000367 .LASF31
     /tmp/ccXSyeq9.s:1755   .debug_str:0000000000000103 .LASF82
     /tmp/ccXSyeq9.s:1813   .debug_str:00000000000002a9 .LASF83
     /tmp/ccXSyeq9.s:1827   .debug_str:0000000000000307 .LASF32
     /tmp/ccXSyeq9.s:1849   .debug_str:00000000000003d1 .LASF84
GAS LISTING /tmp/ccXSyeq9.s 			page 10


     /tmp/ccXSyeq9.s:1885   .debug_str:0000000000000596 .LASF85
     /tmp/ccXSyeq9.s:1729   .debug_str:000000000000004c .LASF34
     /tmp/ccXSyeq9.s:1771   .debug_str:000000000000018a .LASF36
     /tmp/ccXSyeq9.s:1769   .debug_str:0000000000000181 .LASF37
     /tmp/ccXSyeq9.s:1767   .debug_str:000000000000016c .LASF38
     /tmp/ccXSyeq9.s:1857   .debug_str:000000000000041c .LASF39
     /tmp/ccXSyeq9.s:1841   .debug_str:000000000000038b .LASF40
     /tmp/ccXSyeq9.s:1871   .debug_str:0000000000000471 .LASF41
     /tmp/ccXSyeq9.s:1783   .debug_str:00000000000001ca .LASF42
     /tmp/ccXSyeq9.s:1777   .debug_str:00000000000001b7 .LASF43
     /tmp/ccXSyeq9.s:1759   .debug_str:0000000000000122 .LASF44
     /tmp/ccXSyeq9.s:1723   .debug_str:0000000000000000 .LASF45
     /tmp/ccXSyeq9.s:1789   .debug_str:0000000000000201 .LASF46
     /tmp/ccXSyeq9.s:1795   .debug_str:0000000000000233 .LASF47
     /tmp/ccXSyeq9.s:1743   .debug_str:00000000000000a4 .LASF48
     /tmp/ccXSyeq9.s:1791   .debug_str:0000000000000215 .LASF49
     /tmp/ccXSyeq9.s:1753   .debug_str:00000000000000ef .LASF50
     /tmp/ccXSyeq9.s:1819   .debug_str:00000000000002ea .LASF51
     /tmp/ccXSyeq9.s:1883   .debug_str:0000000000000583 .LASF52
     /tmp/ccXSyeq9.s:1735   .debug_str:0000000000000062 .LASF53
     /tmp/ccXSyeq9.s:1775   .debug_str:00000000000001a4 .LASF54
     /tmp/ccXSyeq9.s:1781   .debug_str:00000000000001c4 .LASF55
     /tmp/ccXSyeq9.s:1869   .debug_str:000000000000045f .LASF56
     /tmp/ccXSyeq9.s:1733   .debug_str:000000000000005c .LASF57
     /tmp/ccXSyeq9.s:1897   .debug_str:00000000000005e6 .LASF58
     /tmp/ccXSyeq9.s:1889   .debug_str:00000000000005b4 .LASF59
     /tmp/ccXSyeq9.s:1853   .debug_str:00000000000003f2 .LASF60
     /tmp/ccXSyeq9.s:1801   .debug_str:0000000000000250 .LASF61
     /tmp/ccXSyeq9.s:1865   .debug_str:0000000000000442 .LASF62
     /tmp/ccXSyeq9.s:1747   .debug_str:00000000000000c3 .LASF63
     /tmp/ccXSyeq9.s:1793   .debug_str:000000000000021d .LASF64
     /tmp/ccXSyeq9.s:1809   .debug_str:0000000000000295 .LASF65
     /tmp/ccXSyeq9.s:1787   .debug_str:00000000000001eb .LASF66
     /tmp/ccXSyeq9.s:1823   .debug_str:00000000000002f7 .LASF67
     /tmp/ccXSyeq9.s:1763   .debug_str:000000000000013b .LASF68
     /tmp/ccXSyeq9.s:1887   .debug_str:00000000000005ae .LASF86
     /tmp/ccXSyeq9.s:1861   .debug_str:000000000000042f .LASF69
     /tmp/ccXSyeq9.s:1845   .debug_str:00000000000003ab .LASF70
     /tmp/ccXSyeq9.s:1751   .debug_str:00000000000000d9 .LASF71
     /tmp/ccXSyeq9.s:10     .text:0000000000000000 .LFB21
     /tmp/ccXSyeq9.s:171    .text:00000000000000b8 .LFE21
     /tmp/ccXSyeq9.s:1893   .debug_str:00000000000005c4 .LASF87
     /tmp/ccXSyeq9.s:1590   .debug_loc:0000000000000000 .LLST0
     /tmp/ccXSyeq9.s:1731   .debug_str:0000000000000055 .LASF72
     /tmp/ccXSyeq9.s:1612   .debug_loc:000000000000005f .LLST1
     /tmp/ccXSyeq9.s:1713   .debug_ranges:0000000000000000 .Ldebug_ranges0
     /tmp/ccXSyeq9.s:1843   .debug_str:000000000000039e .LASF73
     /tmp/ccXSyeq9.s:1631   .debug_loc:00000000000000ac .LLST2
     /tmp/ccXSyeq9.s:1745   .debug_str:00000000000000b8 .LASF74
     /tmp/ccXSyeq9.s:1648   .debug_loc:00000000000000f7 .LLST3
     /tmp/ccXSyeq9.s:1779   .debug_str:00000000000001bf .LASF75
     /tmp/ccXSyeq9.s:1663   .debug_loc:0000000000000140 .LLST4
     /tmp/ccXSyeq9.s:82     .text:0000000000000054 .LBB14
     /tmp/ccXSyeq9.s:99     .text:0000000000000060 .LBE14
     /tmp/ccXSyeq9.s:124    .text:0000000000000080 .LBB16
     /tmp/ccXSyeq9.s:135    .text:0000000000000084 .LBE16
     /tmp/ccXSyeq9.s:1693   .debug_loc:00000000000001c5 .LLST5
GAS LISTING /tmp/ccXSyeq9.s 			page 11


     /tmp/ccXSyeq9.s:148    .text:0000000000000090 .LVL14
     /tmp/ccXSyeq9.s:152    .text:000000000000009c .LVL15
     /tmp/ccXSyeq9.s:161    .text:00000000000000a8 .LVL17
     /tmp/ccXSyeq9.s:165    .text:00000000000000b4 .LVL18
     /tmp/ccXSyeq9.s:30     .text:000000000000001c .LBB10
     /tmp/ccXSyeq9.s:47     .text:0000000000000028 .LBE10
     /tmp/ccXSyeq9.s:1825   .debug_str:0000000000000302 .LASF76
     /tmp/ccXSyeq9.s:14     .text:0000000000000000 .LVL0
     /tmp/ccXSyeq9.s:56     .text:0000000000000034 .LVL3
     /tmp/ccXSyeq9.s:75     .text:0000000000000050 .LVL4
     /tmp/ccXSyeq9.s:111    .text:000000000000006c .LVL9
     /tmp/ccXSyeq9.s:45     .text:0000000000000028 .LVL1
     /tmp/ccXSyeq9.s:52     .text:000000000000002c .LVL2
     /tmp/ccXSyeq9.s:91     .text:0000000000000058 .LVL5
     /tmp/ccXSyeq9.s:97     .text:0000000000000060 .LVL6
     /tmp/ccXSyeq9.s:123    .text:0000000000000080 .LVL11
     /tmp/ccXSyeq9.s:140    .text:0000000000000088 .LVL13
     /tmp/ccXSyeq9.s:103    .text:0000000000000064 .LVL7
     /tmp/ccXSyeq9.s:115    .text:0000000000000078 .LVL10
     /tmp/ccXSyeq9.s:155    .text:00000000000000a0 .LVL16
     /tmp/ccXSyeq9.s:107    .text:0000000000000068 .LVL8
     /tmp/ccXSyeq9.s:132    .text:0000000000000084 .LVL12
     /tmp/ccXSyeq9.s:178    .debug_info:0000000000000000 .Ldebug_info0
     /tmp/ccXSyeq9.s:80     .text:0000000000000054 .LBB13
     /tmp/ccXSyeq9.s:136    .text:0000000000000084 .LBE13
     /tmp/ccXSyeq9.s:143    .text:0000000000000088 .LBB18
     /tmp/ccXSyeq9.s:168    .text:00000000000000b8 .LBE18

UNDEFINED SYMBOLS
_ZN15MemoryAllocator11getInstanceEv
_ZN15MemoryAllocator5allocEm
_ZN15MemoryAllocator4freeEPv
